// Vitest Snapshot v1, https://vitest.dev/guide/snapshot.html

exports[`precomputeG > larger gaussian 1`] = `
[
  [
    14.13183120827611,
    0,
    0,
    31.70461852616142,
    31.70461852616142,
    0,
  ],
  [
    0,
    31.70461852616142,
    0,
    0,
    0,
    0,
  ],
  [
    0,
    0,
    31.70461852616142,
    0,
    0,
    0,
  ],
  [
    31.70461852616142,
    0,
    0,
    211.04077495679073,
    71.12898682944542,
    0,
  ],
  [
    31.70461852616142,
    0,
    0,
    71.12898682944542,
    211.04077495679073,
    0,
  ],
  [
    0,
    0,
    0,
    0,
    0,
    71.12898682944542,
  ],
]
`;
