// Vitest Snapshot v1, https://vitest.dev/guide/snapshot.html

exports[`gaussian 1`] = `
[
  0.0038659201394728076,
  0.028565500784550377,
  0.1353352832366127,
  0.41111229050718745,
  0.8007374029168081,
  1,
  0.8007374029168081,
  0.41111229050718745,
  0.1353352832366127,
  0.028565500784550377,
  0.0038659201394728076,
]
`;
